tpt-fem-quadrature exit=0 files=10
tpt-fem-element exit=0 files=9
tpt-fem-mesh exit=0 files=11
tpt-fem-sparse exit=0 files=11
tpt-fem-assembly exit=0 files=10
tpt-fem-thermal exit=0 files=11
tpt-fem-mesh-gen exit=0 files=11
tpt-fem-io-vtk exit=0 files=9
tpt-fem-elasticity exit=0 files=10
tpt-fem-eigen exit=0 files=10
tpt-fem-solve exit=0 files=10
tpt-fem-io-abaqus exit=0 files=9
tpt-fem-io-exodus exit=0 files=9
tpt-fem-cli exit=0 files=10
tpt-fem exit=0 files=20
tpt-fem-amr exit=0 files=7
tpt-fem-composite exit=0 files=10
tpt-fem-contact exit=0 files=11
tpt-fem-dofmap exit=0 files=10
tpt-fem-coupling exit=0 files=11
tpt-fem-dynamic exit=0 files=12
tpt-fem-fluid exit=0 files=12
tpt-fem-hyperelastic exit=0 files=11
tpt-fem-modal exit=0 files=9
tpt-fem-plasticity exit=0 files=11
tpt-fem-porous exit=0 files=10
tpt-fem-topopt exit=0 files=9
